{"level":"info","time":"2026-03-10T14:35:07Z","message":"Thank you for trying Cloudflare Tunnel. Doing so, without a Cloudflare account, is a quick way to experiment and try it out. However, be aware that these account-less Tunnels have no uptime guarantee, are subject to the Cloudflare Online Services Terms of Use (https://www.cloudflare.com/website-terms/), and Cloudflare reserves the right to investigate your use of Tunnels for violations of such terms. If you intend to use Tunnels in production you should use a pre-created named tunnel by following: https://developers.cloudflare.com/cloudflare-one/connections/connect-apps"}
{"level":"info","time":"2026-03-10T14:35:07Z","message":"Requesting new quick Tunnel on trycloudflare.com..."}
{"level":"info","time":"2026-03-10T14:35:13Z","message":"+--------------------------------------------------------------------------------------------+"}
{"level":"info","time":"2026-03-10T14:35:13Z","message":"|  Your quick Tunnel has been created! Visit it at (it may take some time to be reachable):  |"}
{"level":"info","time":"2026-03-10T14:35:13Z","message":"|  https://nokia-springs-donald-cutting.trycloudflare.com                                    |"}
{"level":"info","time":"2026-03-10T14:35:13Z","message":"+--------------------------------------------------------------------------------------------+"}
{"level":"info","time":"2026-03-10T14:35:13Z","message":"Cannot determine default configuration path. No file [config.yml config.yaml] in [~/.cloudflared ~/.cloudflare-warp ~/cloudflare-warp /etc/cloudflared /usr/local/etc/cloudflared]"}
{"level":"info","time":"2026-03-10T14:35:13Z","message":"Version 2026.3.0 (Checksum 447396fc619a35291327016d6b56311a32519b3dc2500af829c988c5887a3dfd)"}
{"level":"info","time":"2026-03-10T14:35:13Z","message":"GOOS: android, GOVersion: go1.26.0, GoArch: arm"}
{"level":"info","time":"2026-03-10T14:35:13Z","message":"Settings: map[ha-connections:1 logfile:/data/data/com.termux/files/home/experience_lucy/tunnel.log p:http1 protocol:http1 url:http://localhost:3000]"}
{"level":"info","autoupdateFreq":86400000,"time":"2026-03-10T14:35:13Z","message":"Autoupdate frequency is set"}
{"level":"info","time":"2026-03-10T14:35:13Z","message":"Generated Connector ID: 6bc9d4e9-26a1-45ec-b3f7-647fc7284e44"}
{"level":"error","error":"unknown protocol http1, Available protocols: 'auto' - automatically chooses the best protocol over time (the default; and also the recommended one); 'quic' - based on QUIC, relying on UDP egress to Cloudflare edge; 'http2' - using Go's HTTP2 library, relying on TCP egress to Cloudflare edge","time":"2026-03-10T14:35:13Z","message":"Couldn't start tunnel"}
{"level":"info","time":"2026-03-10T14:38:04Z","message":"Thank you for trying Cloudflare Tunnel. Doing so, without a Cloudflare account, is a quick way to experiment and try it out. However, be aware that these account-less Tunnels have no uptime guarantee, are subject to the Cloudflare Online Services Terms of Use (https://www.cloudflare.com/website-terms/), and Cloudflare reserves the right to investigate your use of Tunnels for violations of such terms. If you intend to use Tunnels in production you should use a pre-created named tunnel by following: https://developers.cloudflare.com/cloudflare-one/connections/connect-apps"}
{"level":"info","time":"2026-03-10T14:38:04Z","message":"Requesting new quick Tunnel on trycloudflare.com..."}
{"level":"info","time":"2026-03-10T14:38:11Z","message":"+--------------------------------------------------------------------------------------------+"}
{"level":"info","time":"2026-03-10T14:38:11Z","message":"|  Your quick Tunnel has been created! Visit it at (it may take some time to be reachable):  |"}
{"level":"info","time":"2026-03-10T14:38:11Z","message":"|  https://telephone-encourages-already-establishing.trycloudflare.com                       |"}
{"level":"info","time":"2026-03-10T14:38:11Z","message":"+--------------------------------------------------------------------------------------------+"}
{"level":"info","time":"2026-03-10T14:38:11Z","message":"Cannot determine default configuration path. No file [config.yml config.yaml] in [~/.cloudflared ~/.cloudflare-warp ~/cloudflare-warp /etc/cloudflared /usr/local/etc/cloudflared]"}
{"level":"info","time":"2026-03-10T14:38:11Z","message":"Version 2026.3.0 (Checksum 447396fc619a35291327016d6b56311a32519b3dc2500af829c988c5887a3dfd)"}
{"level":"info","time":"2026-03-10T14:38:11Z","message":"GOOS: android, GOVersion: go1.26.0, GoArch: arm"}
{"level":"info","time":"2026-03-10T14:38:11Z","message":"Settings: map[ha-connections:1 logfile:/data/data/com.termux/files/home/experience_lucy/tunnel.log p:http1 protocol:http1 url:http://localhost:3000]"}
{"level":"info","autoupdateFreq":86400000,"time":"2026-03-10T14:38:11Z","message":"Autoupdate frequency is set"}
{"level":"info","time":"2026-03-10T14:38:11Z","message":"Generated Connector ID: dea36ce3-d541-4107-a913-2f591c254766"}
{"level":"error","error":"unknown protocol http1, Available protocols: 'auto' - automatically chooses the best protocol over time (the default; and also the recommended one); 'quic' - based on QUIC, relying on UDP egress to Cloudflare edge; 'http2' - using Go's HTTP2 library, relying on TCP egress to Cloudflare edge","time":"2026-03-10T14:38:12Z","message":"Couldn't start tunnel"}
{"level":"info","time":"2026-03-10T14:41:26Z","message":"Thank you for trying Cloudflare Tunnel. Doing so, without a Cloudflare account, is a quick way to experiment and try it out. However, be aware that these account-less Tunnels have no uptime guarantee, are subject to the Cloudflare Online Services Terms of Use (https://www.cloudflare.com/website-terms/), and Cloudflare reserves the right to investigate your use of Tunnels for violations of such terms. If you intend to use Tunnels in production you should use a pre-created named tunnel by following: https://developers.cloudflare.com/cloudflare-one/connections/connect-apps"}
{"level":"info","time":"2026-03-10T14:41:26Z","message":"Requesting new quick Tunnel on trycloudflare.com..."}
{"level":"info","time":"2026-03-10T14:41:36Z","message":"+--------------------------------------------------------------------------------------------+"}
{"level":"info","time":"2026-03-10T14:41:36Z","message":"|  Your quick Tunnel has been created! Visit it at (it may take some time to be reachable):  |"}
{"level":"info","time":"2026-03-10T14:41:36Z","message":"|  https://partial-objects-air-continent.trycloudflare.com                                   |"}
{"level":"info","time":"2026-03-10T14:41:36Z","message":"+--------------------------------------------------------------------------------------------+"}
{"level":"info","time":"2026-03-10T14:41:36Z","message":"Cannot determine default configuration path. No file [config.yml config.yaml] in [~/.cloudflared ~/.cloudflare-warp ~/cloudflare-warp /etc/cloudflared /usr/local/etc/cloudflared]"}
{"level":"info","time":"2026-03-10T14:41:36Z","message":"Version 2026.3.0 (Checksum 447396fc619a35291327016d6b56311a32519b3dc2500af829c988c5887a3dfd)"}
{"level":"info","time":"2026-03-10T14:41:36Z","message":"GOOS: android, GOVersion: go1.26.0, GoArch: arm"}
{"level":"info","time":"2026-03-10T14:41:36Z","message":"Settings: map[ha-connections:1 logfile:/data/data/com.termux/files/home/experience_lucy/tunnel.log p:http1 protocol:http1 url:http://localhost:3000]"}
{"level":"info","autoupdateFreq":86400000,"time":"2026-03-10T14:41:36Z","message":"Autoupdate frequency is set"}
{"level":"info","time":"2026-03-10T14:41:36Z","message":"Generated Connector ID: d54c52bd-8c03-49f1-b897-9a50f821ea2e"}
{"level":"error","error":"unknown protocol http1, Available protocols: 'auto' - automatically chooses the best protocol over time (the default; and also the recommended one); 'quic' - based on QUIC, relying on UDP egress to Cloudflare edge; 'http2' - using Go's HTTP2 library, relying on TCP egress to Cloudflare edge","time":"2026-03-10T14:41:36Z","message":"Couldn't start tunnel"}
